sets Deployment annotations when specified:
  1: |
    apiVersion: apps/v1
    kind: Deployment
    metadata:
      annotations:
        kubernetes.io/deployment: test-annotation
        kubernetes.io/deployment-different: 3
      labels:
        app: RELEASE-NAME
      name: RELEASE-NAME
      namespace: NAMESPACE
    spec:
      replicas: 1
      selector:
        matchLabels:
          app: RELEASE-NAME
      template:
        metadata:
          annotations:
            checksum/config: d148f064da881c730716a3820da8e846aad891d18c0a6a4d18554b68980c2293
            kubernetes.io/pod: test-annotation
            kubernetes.io/pod-different: 4
          labels:
            app: RELEASE-NAME
        spec:
          containers:
          - args:
            - --diag-addr=0.0.0.0:3000
            image: quay.io/gravitational/teleport:10.0.0-dev
            imagePullPolicy: IfNotPresent
            livenessProbe:
              failureThreshold: 6
              httpGet:
                path: /healthz
                port: diag
              initialDelaySeconds: 5
              periodSeconds: 5
            name: teleport
            ports:
            - containerPort: 3000
              name: diag
              protocol: TCP
            readinessProbe:
              failureThreshold: 12
              httpGet:
                path: /readyz
                port: diag
              initialDelaySeconds: 5
              periodSeconds: 5
            volumeMounts:
            - mountPath: /etc/teleport
              name: config
              readOnly: true
            - mountPath: /var/lib/teleport
              name: data
          serviceAccountName: RELEASE-NAME
          volumes:
          - name: gcp-credentials
            secret:
              secretName: teleport-gcp-credentials
          - configMap:
              name: RELEASE-NAME
            name: config
          - name: data
            persistentVolumeClaim:
              claimName: RELEASE-NAME
sets Pod annotations when specified:
  1: |
    apiVersion: apps/v1
    kind: Deployment
    metadata:
      annotations:
        kubernetes.io/deployment: test-annotation
        kubernetes.io/deployment-different: 3
      labels:
        app: RELEASE-NAME
      name: RELEASE-NAME
      namespace: NAMESPACE
    spec:
      replicas: 1
      selector:
        matchLabels:
          app: RELEASE-NAME
      template:
        metadata:
          annotations:
            checksum/config: d148f064da881c730716a3820da8e846aad891d18c0a6a4d18554b68980c2293
            kubernetes.io/pod: test-annotation
            kubernetes.io/pod-different: 4
          labels:
            app: RELEASE-NAME
        spec:
          containers:
          - args:
            - --diag-addr=0.0.0.0:3000
            image: quay.io/gravitational/teleport:10.0.0-dev
            imagePullPolicy: IfNotPresent
            livenessProbe:
              failureThreshold: 6
              httpGet:
                path: /healthz
                port: diag
              initialDelaySeconds: 5
              periodSeconds: 5
            name: teleport
            ports:
            - containerPort: 3000
              name: diag
              protocol: TCP
            readinessProbe:
              failureThreshold: 12
              httpGet:
                path: /readyz
                port: diag
              initialDelaySeconds: 5
              periodSeconds: 5
            volumeMounts:
            - mountPath: /etc/teleport
              name: config
              readOnly: true
            - mountPath: /var/lib/teleport
              name: data
          serviceAccountName: RELEASE-NAME
          volumes:
          - name: gcp-credentials
            secret:
              secretName: teleport-gcp-credentials
          - configMap:
              name: RELEASE-NAME
            name: config
          - name: data
            persistentVolumeClaim:
              claimName: RELEASE-NAME
should add PersistentVolumeClaim as volume when in standalone mode:
  1: |
    apiVersion: apps/v1
    kind: Deployment
    metadata:
      labels:
        app: RELEASE-NAME
      name: RELEASE-NAME
      namespace: NAMESPACE
    spec:
      replicas: 1
      selector:
        matchLabels:
          app: RELEASE-NAME
      template:
        metadata:
          annotations:
            checksum/config: f6f8d1a836e3278a991ee83834eb1a318e9def808a2f9e8a39930be8be7a5bf3
          labels:
            app: RELEASE-NAME
        spec:
          containers:
          - args:
            - --diag-addr=0.0.0.0:3000
            image: quay.io/gravitational/teleport:10.0.0-dev
            imagePullPolicy: IfNotPresent
            livenessProbe:
              failureThreshold: 6
              httpGet:
                path: /healthz
                port: diag
              initialDelaySeconds: 5
              periodSeconds: 5
            name: teleport
            ports:
            - containerPort: 3000
              name: diag
              protocol: TCP
            readinessProbe:
              failureThreshold: 12
              httpGet:
                path: /readyz
                port: diag
              initialDelaySeconds: 5
              periodSeconds: 5
            volumeMounts:
            - mountPath: /etc/teleport
              name: config
              readOnly: true
            - mountPath: /var/lib/teleport
              name: data
          serviceAccountName: RELEASE-NAME
          volumes:
          - name: gcp-credentials
            secret:
              secretName: teleport-gcp-credentials
          - configMap:
              name: RELEASE-NAME
            name: config
          - name: data
            persistentVolumeClaim:
              claimName: RELEASE-NAME
should add emptyDir for data in AWS mode:
  1: |
    apiVersion: apps/v1
    kind: Deployment
    metadata:
      labels:
        app: RELEASE-NAME
      name: RELEASE-NAME
      namespace: NAMESPACE
    spec:
      replicas: 3
      selector:
        matchLabels:
          app: RELEASE-NAME
      template:
        metadata:
          annotations:
            checksum/config: a343fd32f34fdaed8bfd5a7a4122fda84073d66acc94c0c11c4768d3742c8c62
          labels:
            app: RELEASE-NAME
        spec:
          affinity:
            podAntiAffinity:
              preferredDuringSchedulingIgnoredDuringExecution:
              - podAffinityTerm:
                  labelSelector:
                    matchExpressions:
                    - key: app
                      operator: In
                      values:
                      - RELEASE-NAME
                  topologyKey: kubernetes.io/hostname
                weight: 50
          containers:
          - args:
            - --diag-addr=0.0.0.0:3000
            image: quay.io/gravitational/teleport:10.0.0-dev
            imagePullPolicy: IfNotPresent
            livenessProbe:
              failureThreshold: 6
              httpGet:
                path: /healthz
                port: diag
              initialDelaySeconds: 5
              periodSeconds: 5
            name: teleport
            ports:
            - containerPort: 3000
              name: diag
              protocol: TCP
            readinessProbe:
              failureThreshold: 12
              httpGet:
                path: /readyz
                port: diag
              initialDelaySeconds: 5
              periodSeconds: 5
            volumeMounts:
            - mountPath: /etc/teleport
              name: config
              readOnly: true
            - mountPath: /var/lib/teleport
              name: data
          serviceAccountName: RELEASE-NAME
          volumes:
          - name: gcp-credentials
            secret:
              secretName: teleport-gcp-credentials
          - configMap:
              name: RELEASE-NAME
            name: config
          - emptyDir: {}
            name: data
should add emptyDir for data in GCP mode:
  1: |
    apiVersion: apps/v1
    kind: Deployment
    metadata:
      labels:
        app: RELEASE-NAME
      name: RELEASE-NAME
      namespace: NAMESPACE
    spec:
      replicas: 3
      selector:
        matchLabels:
          app: RELEASE-NAME
      template:
        metadata:
          annotations:
            checksum/config: 73838d47aa2f9a9af700a513b6546594e4cb7a9b0880260c9f7b3ff0b34b7eee
          labels:
            app: RELEASE-NAME
        spec:
          affinity:
            podAntiAffinity:
              preferredDuringSchedulingIgnoredDuringExecution:
              - podAffinityTerm:
                  labelSelector:
                    matchExpressions:
                    - key: app
                      operator: In
                      values:
                      - RELEASE-NAME
                  topologyKey: kubernetes.io/hostname
                weight: 50
          containers:
          - args:
            - --diag-addr=0.0.0.0:3000
            image: quay.io/gravitational/teleport:10.0.0-dev
            imagePullPolicy: IfNotPresent
            livenessProbe:
              failureThreshold: 6
              httpGet:
                path: /healthz
                port: diag
              initialDelaySeconds: 5
              periodSeconds: 5
            name: teleport
            ports:
            - containerPort: 3000
              name: diag
              protocol: TCP
            readinessProbe:
              failureThreshold: 12
              httpGet:
                path: /readyz
                port: diag
              initialDelaySeconds: 5
              periodSeconds: 5
            volumeMounts:
            - mountPath: /etc/teleport-secrets
              name: gcp-credentials
              readOnly: true
            - mountPath: /etc/teleport
              name: config
              readOnly: true
            - mountPath: /var/lib/teleport
              name: data
          serviceAccountName: RELEASE-NAME
          volumes:
          - name: gcp-credentials
            secret:
              secretName: teleport-gcp-credentials
          - configMap:
              name: RELEASE-NAME
            name: config
          - emptyDir: {}
            name: data
should add emptyDir for data in custom mode:
  1: |
    apiVersion: apps/v1
    kind: Deployment
    metadata:
      labels:
        app: RELEASE-NAME
      name: RELEASE-NAME
      namespace: NAMESPACE
    spec:
      replicas: 1
      selector:
        matchLabels:
          app: RELEASE-NAME
      template:
        metadata:
          annotations:
            checksum/config: e3b0c44298fc1c149afbf4c8996fb92427ae41e4649b934ca495991b7852b855
          labels:
            app: RELEASE-NAME
        spec:
          containers:
          - args:
            - --diag-addr=0.0.0.0:3000
            image: quay.io/gravitational/teleport:10.0.0-dev
            imagePullPolicy: IfNotPresent
            livenessProbe:
              failureThreshold: 6
              httpGet:
                path: /healthz
                port: diag
              initialDelaySeconds: 5
              periodSeconds: 5
            name: teleport
            ports:
            - containerPort: 3000
              name: diag
              protocol: TCP
            readinessProbe:
              failureThreshold: 12
              httpGet:
                path: /readyz
                port: diag
              initialDelaySeconds: 5
              periodSeconds: 5
            volumeMounts:
            - mountPath: /etc/teleport
              name: config
              readOnly: true
            - mountPath: /var/lib/teleport
              name: data
          serviceAccountName: RELEASE-NAME
          volumes:
          - name: gcp-credentials
            secret:
              secretName: teleport-gcp-credentials
          - configMap:
              name: RELEASE-NAME
            name: config
          - emptyDir: {}
            name: data
should add insecureSkipProxyTLSVerify to args when set in values:
  1: |
    apiVersion: apps/v1
    kind: Deployment
    metadata:
      labels:
        app: RELEASE-NAME
      name: RELEASE-NAME
      namespace: NAMESPACE
    spec:
      replicas: 1
      selector:
        matchLabels:
          app: RELEASE-NAME
      template:
        metadata:
          annotations:
            checksum/config: f6f8d1a836e3278a991ee83834eb1a318e9def808a2f9e8a39930be8be7a5bf3
          labels:
            app: RELEASE-NAME
        spec:
          containers:
          - args:
            - --diag-addr=0.0.0.0:3000
            - --insecure
            image: quay.io/gravitational/teleport:10.0.0-dev
            imagePullPolicy: IfNotPresent
            livenessProbe:
              failureThreshold: 6
              httpGet:
                path: /healthz
                port: diag
              initialDelaySeconds: 5
              periodSeconds: 5
            name: teleport
            ports:
            - containerPort: 3000
              name: diag
              protocol: TCP
            readinessProbe:
              failureThreshold: 12
              httpGet:
                path: /readyz
                port: diag
              initialDelaySeconds: 5
              periodSeconds: 5
            volumeMounts:
            - mountPath: /etc/teleport
              name: config
              readOnly: true
            - mountPath: /var/lib/teleport
              name: data
          serviceAccountName: RELEASE-NAME
          volumes:
          - name: gcp-credentials
            secret:
              secretName: teleport-gcp-credentials
          - configMap:
              name: RELEASE-NAME
            name: config
          - name: data
            persistentVolumeClaim:
              claimName: RELEASE-NAME
should add named PersistentVolumeClaim as volume when in standalone mode and standalone.existingClaimName is set:
  1: |
    apiVersion: apps/v1
    kind: Deployment
    metadata:
      labels:
        app: RELEASE-NAME
      name: RELEASE-NAME
      namespace: NAMESPACE
    spec:
      replicas: 1
      selector:
        matchLabels:
          app: RELEASE-NAME
      template:
        metadata:
          annotations:
            checksum/config: 90b3f00c6e658fcd54911351d555f0dd4d76b68389483281f875bd5dccae7560
          labels:
            app: RELEASE-NAME
        spec:
          containers:
          - args:
            - --diag-addr=0.0.0.0:3000
            image: quay.io/gravitational/teleport:10.0.0-dev
            imagePullPolicy: IfNotPresent
            livenessProbe:
              failureThreshold: 6
              httpGet:
                path: /healthz
                port: diag
              initialDelaySeconds: 5
              periodSeconds: 5
            name: teleport
            ports:
            - containerPort: 3000
              name: diag
              protocol: TCP
            readinessProbe:
              failureThreshold: 12
              httpGet:
                path: /readyz
                port: diag
              initialDelaySeconds: 5
              periodSeconds: 5
            volumeMounts:
            - mountPath: /etc/teleport
              name: config
              readOnly: true
            - mountPath: /var/lib/teleport
              name: data
          serviceAccountName: RELEASE-NAME
          volumes:
          - name: gcp-credentials
            secret:
              secretName: teleport-gcp-credentials
          - configMap:
              name: RELEASE-NAME
            name: config
          - name: data
            persistentVolumeClaim:
              claimName: teleport-storage
should do enterprise things when when enterprise is set in values:
  1: |
    apiVersion: apps/v1
    kind: Deployment
    metadata:
      labels:
        app: RELEASE-NAME
      name: RELEASE-NAME
      namespace: NAMESPACE
    spec:
      replicas: 1
      selector:
        matchLabels:
          app: RELEASE-NAME
      template:
        metadata:
          annotations:
            checksum/config: 34c749ad7a88455c1c203fa79c9cfa68aa65e21f6389e96edf3b26a672a80578
          labels:
            app: RELEASE-NAME
        spec:
          containers:
          - args:
            - --diag-addr=0.0.0.0:3000
            image: quay.io/gravitational/teleport-ent:8.3.4
            imagePullPolicy: IfNotPresent
            livenessProbe:
              failureThreshold: 6
              httpGet:
                path: /healthz
                port: diag
              initialDelaySeconds: 5
              periodSeconds: 5
            name: teleport
            ports:
            - containerPort: 3000
              name: diag
              protocol: TCP
            readinessProbe:
              failureThreshold: 12
              httpGet:
                path: /readyz
                port: diag
              initialDelaySeconds: 5
              periodSeconds: 5
            volumeMounts:
            - mountPath: /var/lib/license
              name: license
              readOnly: true
            - mountPath: /etc/teleport
              name: config
              readOnly: true
            - mountPath: /var/lib/teleport
              name: data
          serviceAccountName: RELEASE-NAME
          volumes:
          - name: license
            secret:
              secretName: license
          - name: gcp-credentials
            secret:
              secretName: teleport-gcp-credentials
          - configMap:
              name: RELEASE-NAME
            name: config
          - name: data
            persistentVolumeClaim:
              claimName: RELEASE-NAME
should expose diag port:
  1: |
    apiVersion: apps/v1
    kind: Deployment
    metadata:
      labels:
        app: RELEASE-NAME
      name: RELEASE-NAME
      namespace: NAMESPACE
    spec:
      replicas: 1
      selector:
        matchLabels:
          app: RELEASE-NAME
      template:
        metadata:
          annotations:
            checksum/config: f6f8d1a836e3278a991ee83834eb1a318e9def808a2f9e8a39930be8be7a5bf3
          labels:
            app: RELEASE-NAME
        spec:
          containers:
          - args:
            - --diag-addr=0.0.0.0:3000
            image: quay.io/gravitational/teleport:10.0.0-dev
            imagePullPolicy: IfNotPresent
            livenessProbe:
              failureThreshold: 6
              httpGet:
                path: /healthz
                port: diag
              initialDelaySeconds: 5
              periodSeconds: 5
            name: teleport
            ports:
            - containerPort: 3000
              name: diag
              protocol: TCP
            readinessProbe:
              failureThreshold: 12
              httpGet:
                path: /readyz
                port: diag
              initialDelaySeconds: 5
              periodSeconds: 5
            volumeMounts:
            - mountPath: /etc/teleport
              name: config
              readOnly: true
            - mountPath: /var/lib/teleport
              name: data
          serviceAccountName: RELEASE-NAME
          volumes:
          - name: gcp-credentials
            secret:
              secretName: teleport-gcp-credentials
          - configMap:
              name: RELEASE-NAME
            name: config
          - name: data
            persistentVolumeClaim:
              claimName: RELEASE-NAME
should have multiple replicas when replicaCount is set:
  1: |
    apiVersion: apps/v1
    kind: Deployment
    metadata:
      labels:
        app: RELEASE-NAME
      name: RELEASE-NAME
      namespace: NAMESPACE
    spec:
      replicas: 3
      selector:
        matchLabels:
          app: RELEASE-NAME
      template:
        metadata:
          annotations:
            checksum/config: e3b0c44298fc1c149afbf4c8996fb92427ae41e4649b934ca495991b7852b855
          labels:
            app: RELEASE-NAME
        spec:
          affinity:
            podAntiAffinity:
              preferredDuringSchedulingIgnoredDuringExecution:
              - podAffinityTerm:
                  labelSelector:
                    matchExpressions:
                    - key: app
                      operator: In
                      values:
                      - RELEASE-NAME
                  topologyKey: kubernetes.io/hostname
                weight: 50
          containers:
          - args:
            - --diag-addr=0.0.0.0:3000
            image: quay.io/gravitational/teleport:10.0.0-dev
            imagePullPolicy: IfNotPresent
            livenessProbe:
              failureThreshold: 6
              httpGet:
                path: /healthz
                port: diag
              initialDelaySeconds: 5
              periodSeconds: 5
            name: teleport
            ports:
            - containerPort: 3000
              name: diag
              protocol: TCP
            readinessProbe:
              failureThreshold: 12
              httpGet:
                path: /readyz
                port: diag
              initialDelaySeconds: 5
              periodSeconds: 5
            volumeMounts:
            - mountPath: /etc/teleport
              name: config
              readOnly: true
            - mountPath: /var/lib/teleport
              name: data
          serviceAccountName: RELEASE-NAME
          volumes:
          - name: gcp-credentials
            secret:
              secretName: teleport-gcp-credentials
          - configMap:
              name: RELEASE-NAME
            name: config
          - emptyDir: {}
            name: data
should mount ConfigMap for config in AWS mode:
  1: |
    apiVersion: apps/v1
    kind: Deployment
    metadata:
      labels:
        app: RELEASE-NAME
      name: RELEASE-NAME
      namespace: NAMESPACE
    spec:
      replicas: 3
      selector:
        matchLabels:
          app: RELEASE-NAME
      template:
        metadata:
          annotations:
            checksum/config: a343fd32f34fdaed8bfd5a7a4122fda84073d66acc94c0c11c4768d3742c8c62
          labels:
            app: RELEASE-NAME
        spec:
          affinity:
            podAntiAffinity:
              preferredDuringSchedulingIgnoredDuringExecution:
              - podAffinityTerm:
                  labelSelector:
                    matchExpressions:
                    - key: app
                      operator: In
                      values:
                      - RELEASE-NAME
                  topologyKey: kubernetes.io/hostname
                weight: 50
          containers:
          - args:
            - --diag-addr=0.0.0.0:3000
            image: quay.io/gravitational/teleport:10.0.0-dev
            imagePullPolicy: IfNotPresent
            livenessProbe:
              failureThreshold: 6
              httpGet:
                path: /healthz
                port: diag
              initialDelaySeconds: 5
              periodSeconds: 5
            name: teleport
            ports:
            - containerPort: 3000
              name: diag
              protocol: TCP
            readinessProbe:
              failureThreshold: 12
              httpGet:
                path: /readyz
                port: diag
              initialDelaySeconds: 5
              periodSeconds: 5
            volumeMounts:
            - mountPath: /etc/teleport
              name: config
              readOnly: true
            - mountPath: /var/lib/teleport
              name: data
          serviceAccountName: RELEASE-NAME
          volumes:
          - name: gcp-credentials
            secret:
              secretName: teleport-gcp-credentials
          - configMap:
              name: RELEASE-NAME
            name: config
          - emptyDir: {}
            name: data
should mount ConfigMap for config in GCP mode:
  1: |
    apiVersion: apps/v1
    kind: Deployment
    metadata:
      labels:
        app: RELEASE-NAME
      name: RELEASE-NAME
      namespace: NAMESPACE
    spec:
      replicas: 3
      selector:
        matchLabels:
          app: RELEASE-NAME
      template:
        metadata:
          annotations:
            checksum/config: 73838d47aa2f9a9af700a513b6546594e4cb7a9b0880260c9f7b3ff0b34b7eee
          labels:
            app: RELEASE-NAME
        spec:
          affinity:
            podAntiAffinity:
              preferredDuringSchedulingIgnoredDuringExecution:
              - podAffinityTerm:
                  labelSelector:
                    matchExpressions:
                    - key: app
                      operator: In
                      values:
                      - RELEASE-NAME
                  topologyKey: kubernetes.io/hostname
                weight: 50
          containers:
          - args:
            - --diag-addr=0.0.0.0:3000
            image: quay.io/gravitational/teleport:10.0.0-dev
            imagePullPolicy: IfNotPresent
            livenessProbe:
              failureThreshold: 6
              httpGet:
                path: /healthz
                port: diag
              initialDelaySeconds: 5
              periodSeconds: 5
            name: teleport
            ports:
            - containerPort: 3000
              name: diag
              protocol: TCP
            readinessProbe:
              failureThreshold: 12
              httpGet:
                path: /readyz
                port: diag
              initialDelaySeconds: 5
              periodSeconds: 5
            volumeMounts:
            - mountPath: /etc/teleport-secrets
              name: gcp-credentials
              readOnly: true
            - mountPath: /etc/teleport
              name: config
              readOnly: true
            - mountPath: /var/lib/teleport
              name: data
          serviceAccountName: RELEASE-NAME
          volumes:
          - name: gcp-credentials
            secret:
              secretName: teleport-gcp-credentials
          - configMap:
              name: RELEASE-NAME
            name: config
          - emptyDir: {}
            name: data
should mount ConfigMap for config in custom mode:
  1: |
    apiVersion: apps/v1
    kind: Deployment
    metadata:
      labels:
        app: RELEASE-NAME
      name: RELEASE-NAME
      namespace: NAMESPACE
    spec:
      replicas: 1
      selector:
        matchLabels:
          app: RELEASE-NAME
      template:
        metadata:
          annotations:
            checksum/config: e3b0c44298fc1c149afbf4c8996fb92427ae41e4649b934ca495991b7852b855
          labels:
            app: RELEASE-NAME
        spec:
          containers:
          - args:
            - --diag-addr=0.0.0.0:3000
            image: quay.io/gravitational/teleport:10.0.0-dev
            imagePullPolicy: IfNotPresent
            livenessProbe:
              failureThreshold: 6
              httpGet:
                path: /healthz
                port: diag
              initialDelaySeconds: 5
              periodSeconds: 5
            name: teleport
            ports:
            - containerPort: 3000
              name: diag
              protocol: TCP
            readinessProbe:
              failureThreshold: 12
              httpGet:
                path: /readyz
                port: diag
              initialDelaySeconds: 5
              periodSeconds: 5
            volumeMounts:
            - mountPath: /etc/teleport
              name: config
              readOnly: true
            - mountPath: /var/lib/teleport
              name: data
          serviceAccountName: RELEASE-NAME
          volumes:
          - name: gcp-credentials
            secret:
              secretName: teleport-gcp-credentials
          - configMap:
              name: RELEASE-NAME
            name: config
          - emptyDir: {}
            name: data
should mount ConfigMap for config in standalone mode:
  1: |
    apiVersion: apps/v1
    kind: Deployment
    metadata:
      labels:
        app: RELEASE-NAME
      name: RELEASE-NAME
      namespace: NAMESPACE
    spec:
      replicas: 1
      selector:
        matchLabels:
          app: RELEASE-NAME
      template:
        metadata:
          annotations:
            checksum/config: f6f8d1a836e3278a991ee83834eb1a318e9def808a2f9e8a39930be8be7a5bf3
          labels:
            app: RELEASE-NAME
        spec:
          containers:
          - args:
            - --diag-addr=0.0.0.0:3000
            image: quay.io/gravitational/teleport:10.0.0-dev
            imagePullPolicy: IfNotPresent
            livenessProbe:
              failureThreshold: 6
              httpGet:
                path: /healthz
                port: diag
              initialDelaySeconds: 5
              periodSeconds: 5
            name: teleport
            ports:
            - containerPort: 3000
              name: diag
              protocol: TCP
            readinessProbe:
              failureThreshold: 12
              httpGet:
                path: /readyz
                port: diag
              initialDelaySeconds: 5
              periodSeconds: 5
            volumeMounts:
            - mountPath: /etc/teleport
              name: config
              readOnly: true
            - mountPath: /var/lib/teleport
              name: data
          serviceAccountName: RELEASE-NAME
          volumes:
          - name: gcp-credentials
            secret:
              secretName: teleport-gcp-credentials
          - configMap:
              name: RELEASE-NAME
            name: config
          - name: data
            persistentVolumeClaim:
              claimName: RELEASE-NAME
should mount GCP credentials for initContainer in GCP mode:
  1: |
    apiVersion: apps/v1
    kind: Deployment
    metadata:
      labels:
        app: RELEASE-NAME
      name: RELEASE-NAME
      namespace: NAMESPACE
    spec:
      replicas: 3
      selector:
        matchLabels:
          app: RELEASE-NAME
      template:
        metadata:
          annotations:
            checksum/config: 4069a40ce7f62879cf243d26055d7434813bbb6a8e6f332d236d2b82ec29ba09
          labels:
            app: RELEASE-NAME
        spec:
          affinity:
            podAntiAffinity:
              preferredDuringSchedulingIgnoredDuringExecution:
              - podAffinityTerm:
                  labelSelector:
                    matchExpressions:
                    - key: app
                      operator: In
                      values:
                      - RELEASE-NAME
                  topologyKey: kubernetes.io/hostname
                weight: 50
          containers:
          - args:
            - --diag-addr=0.0.0.0:3000
            image: quay.io/gravitational/teleport:10.0.0-dev
            imagePullPolicy: IfNotPresent
            livenessProbe:
              failureThreshold: 6
              httpGet:
                path: /healthz
                port: diag
              initialDelaySeconds: 5
              periodSeconds: 5
            name: teleport
            ports:
            - containerPort: 3000
              name: diag
              protocol: TCP
            readinessProbe:
              failureThreshold: 12
              httpGet:
                path: /readyz
                port: diag
              initialDelaySeconds: 5
              periodSeconds: 5
            volumeMounts:
            - mountPath: /etc/teleport-secrets
              name: gcp-credentials
              readOnly: true
            - mountPath: /etc/teleport
              name: config
              readOnly: true
            - mountPath: /var/lib/teleport
              name: data
          initContainers:
          - args:
            - echo test
            image: alpine
            name: teleport-init
            volumeMounts:
            - mountPath: /etc/teleport-secrets
              name: gcp-credentials
              readOnly: true
            - mountPath: /etc/teleport
              name: config
              readOnly: true
            - mountPath: /var/lib/teleport
              name: data
          serviceAccountName: RELEASE-NAME
          volumes:
          - name: gcp-credentials
            secret:
              secretName: teleport-gcp-credentials
          - configMap:
              name: RELEASE-NAME
            name: config
          - emptyDir: {}
            name: data
should mount GCP credentials in GCP mode:
  1: |
    apiVersion: apps/v1
    kind: Deployment
    metadata:
      labels:
        app: RELEASE-NAME
      name: RELEASE-NAME
      namespace: NAMESPACE
    spec:
      replicas: 3
      selector:
        matchLabels:
          app: RELEASE-NAME
      template:
        metadata:
          annotations:
            checksum/config: 73838d47aa2f9a9af700a513b6546594e4cb7a9b0880260c9f7b3ff0b34b7eee
          labels:
            app: RELEASE-NAME
        spec:
          affinity:
            podAntiAffinity:
              preferredDuringSchedulingIgnoredDuringExecution:
              - podAffinityTerm:
                  labelSelector:
                    matchExpressions:
                    - key: app
                      operator: In
                      values:
                      - RELEASE-NAME
                  topologyKey: kubernetes.io/hostname
                weight: 50
          containers:
          - args:
            - --diag-addr=0.0.0.0:3000
            image: quay.io/gravitational/teleport:10.0.0-dev
            imagePullPolicy: IfNotPresent
            livenessProbe:
              failureThreshold: 6
              httpGet:
                path: /healthz
                port: diag
              initialDelaySeconds: 5
              periodSeconds: 5
            name: teleport
            ports:
            - containerPort: 3000
              name: diag
              protocol: TCP
            readinessProbe:
              failureThreshold: 12
              httpGet:
                path: /readyz
                port: diag
              initialDelaySeconds: 5
              periodSeconds: 5
            volumeMounts:
            - mountPath: /etc/teleport-secrets
              name: gcp-credentials
              readOnly: true
            - mountPath: /etc/teleport
              name: config
              readOnly: true
            - mountPath: /var/lib/teleport
              name: data
          serviceAccountName: RELEASE-NAME
          volumes:
          - name: gcp-credentials
            secret:
              secretName: teleport-gcp-credentials
          - configMap:
              name: RELEASE-NAME
            name: config
          - emptyDir: {}
            name: data
should mount TLS certs for initContainer when cert-manager is enabled:
  1: |
    apiVersion: apps/v1
    kind: Deployment
    metadata:
      labels:
        app: RELEASE-NAME
      name: RELEASE-NAME
      namespace: NAMESPACE
    spec:
      replicas: 3
      selector:
        matchLabels:
          app: RELEASE-NAME
      template:
        metadata:
          annotations:
            checksum/config: c3fdd8d4abfaf54eea8c29595363b28292ddec27bbb946046cc4de80c1b71bfa
          labels:
            app: RELEASE-NAME
        spec:
          affinity:
            podAntiAffinity:
              preferredDuringSchedulingIgnoredDuringExecution:
              - podAffinityTerm:
                  labelSelector:
                    matchExpressions:
                    - key: app
                      operator: In
                      values:
                      - RELEASE-NAME
                  topologyKey: kubernetes.io/hostname
                weight: 50
          containers:
          - args:
            - --diag-addr=0.0.0.0:3000
            image: quay.io/gravitational/teleport:10.0.0-dev
            imagePullPolicy: IfNotPresent
            livenessProbe:
              failureThreshold: 6
              httpGet:
                path: /healthz
                port: diag
              initialDelaySeconds: 5
              periodSeconds: 5
            name: teleport
            ports:
            - containerPort: 3000
              name: diag
              protocol: TCP
            readinessProbe:
              failureThreshold: 12
              httpGet:
                path: /readyz
                port: diag
              initialDelaySeconds: 5
              periodSeconds: 5
            volumeMounts:
            - mountPath: /etc/teleport-secrets
              name: gcp-credentials
              readOnly: true
            - mountPath: /etc/teleport-tls
              name: teleport-tls
              readOnly: true
            - mountPath: /etc/teleport
              name: config
              readOnly: true
            - mountPath: /var/lib/teleport
              name: data
          initContainers:
          - args:
            - echo test
            image: alpine
            name: teleport-init
            volumeMounts:
            - mountPath: /etc/teleport-secrets
              name: gcp-credentials
              readOnly: true
            - mountPath: /etc/teleport-tls
              name: teleport-tls
              readOnly: true
            - mountPath: /etc/teleport
              name: config
              readOnly: true
            - mountPath: /var/lib/teleport
              name: data
          serviceAccountName: RELEASE-NAME
          volumes:
          - name: gcp-credentials
            secret:
              secretName: teleport-gcp-credentials
          - name: teleport-tls
            secret:
              secretName: teleport-tls
          - configMap:
              name: RELEASE-NAME
            name: config
          - emptyDir: {}
            name: data
should mount TLS certs when cert-manager is enabled:
  1: |
    apiVersion: apps/v1
    kind: Deployment
    metadata:
      labels:
        app: RELEASE-NAME
      name: RELEASE-NAME
      namespace: NAMESPACE
    spec:
      replicas: 3
      selector:
        matchLabels:
          app: RELEASE-NAME
      template:
        metadata:
          annotations:
            checksum/config: a64e6a70ffb642c473538081464665de71c803e9e870f63e5b03c5ddece27adc
          labels:
            app: RELEASE-NAME
        spec:
          affinity:
            podAntiAffinity:
              preferredDuringSchedulingIgnoredDuringExecution:
              - podAffinityTerm:
                  labelSelector:
                    matchExpressions:
                    - key: app
                      operator: In
                      values:
                      - RELEASE-NAME
                  topologyKey: kubernetes.io/hostname
                weight: 50
          containers:
          - args:
            - --diag-addr=0.0.0.0:3000
            image: quay.io/gravitational/teleport:10.0.0-dev
            imagePullPolicy: IfNotPresent
            livenessProbe:
              failureThreshold: 6
              httpGet:
                path: /healthz
                port: diag
              initialDelaySeconds: 5
              periodSeconds: 5
            name: teleport
            ports:
            - containerPort: 3000
              name: diag
              protocol: TCP
            readinessProbe:
              failureThreshold: 12
              httpGet:
                path: /readyz
                port: diag
              initialDelaySeconds: 5
              periodSeconds: 5
            volumeMounts:
            - mountPath: /etc/teleport-secrets
              name: gcp-credentials
              readOnly: true
            - mountPath: /etc/teleport-tls
              name: teleport-tls
              readOnly: true
            - mountPath: /etc/teleport
              name: config
              readOnly: true
            - mountPath: /var/lib/teleport
              name: data
          serviceAccountName: RELEASE-NAME
          volumes:
          - name: gcp-credentials
            secret:
              secretName: teleport-gcp-credentials
          - name: teleport-tls
            secret:
              secretName: teleport-tls
          - configMap:
              name: RELEASE-NAME
            name: config
          - emptyDir: {}
            name: data
should mount extraVolumes and extraVolumeMounts:
  1: |
    apiVersion: apps/v1
    kind: Deployment
    metadata:
      labels:
        app: RELEASE-NAME
      name: RELEASE-NAME
      namespace: NAMESPACE
    spec:
      replicas: 1
      selector:
        matchLabels:
          app: RELEASE-NAME
      template:
        metadata:
          annotations:
            checksum/config: e1303697b1ade99433ca962dd8630edd834818315950cf3b09c2626307d64199
          labels:
            app: RELEASE-NAME
        spec:
          containers:
          - args:
            - --diag-addr=0.0.0.0:3000
            image: quay.io/gravitational/teleport:10.0.0-dev
            imagePullPolicy: IfNotPresent
            livenessProbe:
              failureThreshold: 6
              httpGet:
                path: /healthz
                port: diag
              initialDelaySeconds: 5
              periodSeconds: 5
            name: teleport
            ports:
            - containerPort: 3000
              name: diag
              protocol: TCP
            readinessProbe:
              failureThreshold: 12
              httpGet:
                path: /readyz
                port: diag
              initialDelaySeconds: 5
              periodSeconds: 5
            volumeMounts:
            - mountPath: /etc/teleport
              name: config
              readOnly: true
            - mountPath: /var/lib/teleport
              name: data
            - mountPath: /path/to/mount
              name: my-mount
          serviceAccountName: RELEASE-NAME
          volumes:
          - name: gcp-credentials
            secret:
              secretName: teleport-gcp-credentials
          - configMap:
              name: RELEASE-NAME
            name: config
          - name: data
            persistentVolumeClaim:
              claimName: RELEASE-NAME
          - name: my-mount
            secret:
              secretName: mySecret
should not do enterprise things when when enterprise is not set in values:
  1: |
    apiVersion: apps/v1
    kind: Deployment
    metadata:
      labels:
        app: RELEASE-NAME
      name: RELEASE-NAME
      namespace: NAMESPACE
    spec:
      replicas: 1
      selector:
        matchLabels:
          app: RELEASE-NAME
      template:
        metadata:
          annotations:
            checksum/config: e1303697b1ade99433ca962dd8630edd834818315950cf3b09c2626307d64199
          labels:
            app: RELEASE-NAME
        spec:
          containers:
          - args:
            - --diag-addr=0.0.0.0:3000
            image: quay.io/gravitational/teleport:8.3.4
            imagePullPolicy: IfNotPresent
            livenessProbe:
              failureThreshold: 6
              httpGet:
                path: /healthz
                port: diag
              initialDelaySeconds: 5
              periodSeconds: 5
            name: teleport
            ports:
            - containerPort: 3000
              name: diag
              protocol: TCP
            readinessProbe:
              failureThreshold: 12
              httpGet:
                path: /readyz
                port: diag
              initialDelaySeconds: 5
              periodSeconds: 5
            volumeMounts:
            - mountPath: /etc/teleport
              name: config
              readOnly: true
            - mountPath: /var/lib/teleport
              name: data
          serviceAccountName: RELEASE-NAME
          volumes:
          - name: gcp-credentials
            secret:
              secretName: teleport-gcp-credentials
          - configMap:
              name: RELEASE-NAME
            name: config
          - name: data
            persistentVolumeClaim:
              claimName: RELEASE-NAME
should not have more than one replica in standalone mode:
  1: |
    apiVersion: apps/v1
    kind: Deployment
    metadata:
      labels:
        app: RELEASE-NAME
      name: RELEASE-NAME
      namespace: NAMESPACE
    spec:
      replicas: 1
      selector:
        matchLabels:
          app: RELEASE-NAME
      template:
        metadata:
          annotations:
            checksum/config: f6f8d1a836e3278a991ee83834eb1a318e9def808a2f9e8a39930be8be7a5bf3
          labels:
            app: RELEASE-NAME
        spec:
          containers:
          - args:
            - --diag-addr=0.0.0.0:3000
            image: quay.io/gravitational/teleport:10.0.0-dev
            imagePullPolicy: IfNotPresent
            livenessProbe:
              failureThreshold: 6
              httpGet:
                path: /healthz
                port: diag
              initialDelaySeconds: 5
              periodSeconds: 5
            name: teleport
            ports:
            - containerPort: 3000
              name: diag
              protocol: TCP
            readinessProbe:
              failureThreshold: 12
              httpGet:
                path: /readyz
                port: diag
              initialDelaySeconds: 5
              periodSeconds: 5
            volumeMounts:
            - mountPath: /etc/teleport
              name: config
              readOnly: true
            - mountPath: /var/lib/teleport
              name: data
          serviceAccountName: RELEASE-NAME
          volumes:
          - name: gcp-credentials
            secret:
              secretName: teleport-gcp-credentials
          - configMap:
              name: RELEASE-NAME
            name: config
          - name: data
            persistentVolumeClaim:
              claimName: RELEASE-NAME
should provision initContainer correctly when set in values:
  1: |
    apiVersion: apps/v1
    kind: Deployment
    metadata:
      labels:
        app: RELEASE-NAME
      name: RELEASE-NAME
      namespace: NAMESPACE
    spec:
      replicas: 1
      selector:
        matchLabels:
          app: RELEASE-NAME
      template:
        metadata:
          annotations:
            checksum/config: e1303697b1ade99433ca962dd8630edd834818315950cf3b09c2626307d64199
          labels:
            app: RELEASE-NAME
        spec:
          containers:
          - args:
            - --diag-addr=0.0.0.0:3000
            env:
            - name: SSL_CERT_FILE
              value: /etc/tls/some-cert-file.pem
            image: quay.io/gravitational/teleport:10.0.0-dev
            imagePullPolicy: IfNotPresent
            livenessProbe:
              failureThreshold: 6
              httpGet:
                path: /healthz
                port: diag
              initialDelaySeconds: 5
              periodSeconds: 5
            name: teleport
            ports:
            - containerPort: 3000
              name: diag
              protocol: TCP
            readinessProbe:
              failureThreshold: 12
              httpGet:
                path: /readyz
                port: diag
              initialDelaySeconds: 5
              periodSeconds: 5
            resources:
              limits:
                cpu: 2
                memory: 4Gi
              requests:
                cpu: 1
                memory: 2Gi
            volumeMounts:
            - mountPath: /etc/teleport
              name: config
              readOnly: true
            - mountPath: /var/lib/teleport
              name: data
          initContainers:
          - args:
            - echo test
            image: alpine
            name: teleport-init
            resources:
              limits:
                cpu: 2
                memory: 4Gi
              requests:
                cpu: 1
                memory: 2Gi
            volumeMounts:
            - mountPath: /etc/teleport
              name: config
              readOnly: true
            - mountPath: /var/lib/teleport
              name: data
          serviceAccountName: RELEASE-NAME
          volumes:
          - name: gcp-credentials
            secret:
              secretName: teleport-gcp-credentials
          - configMap:
              name: RELEASE-NAME
            name: config
          - name: data
            persistentVolumeClaim:
              claimName: RELEASE-NAME
should set affinity when set in values:
  1: |
    apiVersion: apps/v1
    kind: Deployment
    metadata:
      labels:
        app: RELEASE-NAME
      name: RELEASE-NAME
      namespace: NAMESPACE
    spec:
      replicas: 3
      selector:
        matchLabels:
          app: RELEASE-NAME
      template:
        metadata:
          annotations:
            checksum/config: e3b0c44298fc1c149afbf4c8996fb92427ae41e4649b934ca495991b7852b855
          labels:
            app: RELEASE-NAME
        spec:
          affinity:
            nodeAffinity:
              requiredDuringSchedulingIgnoredDuringExecution:
                nodeSelectorTerms:
                - matchExpressions:
                  - key: gravitational.io/dedicated
                    operator: In
                    values:
                    - teleport
          containers:
          - args:
            - --diag-addr=0.0.0.0:3000
            image: quay.io/gravitational/teleport:10.0.0-dev
            imagePullPolicy: IfNotPresent
            livenessProbe:
              failureThreshold: 6
              httpGet:
                path: /healthz
                port: diag
              initialDelaySeconds: 5
              periodSeconds: 5
            name: teleport
            ports:
            - containerPort: 3000
              name: diag
              protocol: TCP
            readinessProbe:
              failureThreshold: 12
              httpGet:
                path: /readyz
                port: diag
              initialDelaySeconds: 5
              periodSeconds: 5
            volumeMounts:
            - mountPath: /etc/teleport
              name: config
              readOnly: true
            - mountPath: /var/lib/teleport
              name: data
          serviceAccountName: RELEASE-NAME
          volumes:
          - name: gcp-credentials
            secret:
              secretName: teleport-gcp-credentials
          - configMap:
              name: RELEASE-NAME
            name: config
          - emptyDir: {}
            name: data
should set environment when extraEnv set in values:
  1: |
    apiVersion: apps/v1
    kind: Deployment
    metadata:
      labels:
        app: RELEASE-NAME
      name: RELEASE-NAME
      namespace: NAMESPACE
    spec:
      replicas: 1
      selector:
        matchLabels:
          app: RELEASE-NAME
      template:
        metadata:
          annotations:
            checksum/config: f6f8d1a836e3278a991ee83834eb1a318e9def808a2f9e8a39930be8be7a5bf3
          labels:
            app: RELEASE-NAME
        spec:
          containers:
          - args:
            - --diag-addr=0.0.0.0:3000
            env:
            - name: SSL_CERT_FILE
              value: /etc/tls/some-cert-file.pem
            image: quay.io/gravitational/teleport:10.0.0-dev
            imagePullPolicy: IfNotPresent
            livenessProbe:
              failureThreshold: 6
              httpGet:
                path: /healthz
                port: diag
              initialDelaySeconds: 5
              periodSeconds: 5
            name: teleport
            ports:
            - containerPort: 3000
              name: diag
              protocol: TCP
            readinessProbe:
              failureThreshold: 12
              httpGet:
                path: /readyz
                port: diag
              initialDelaySeconds: 5
              periodSeconds: 5
            volumeMounts:
            - mountPath: /etc/teleport
              name: config
              readOnly: true
            - mountPath: /var/lib/teleport
              name: data
          serviceAccountName: RELEASE-NAME
          volumes:
          - name: gcp-credentials
            secret:
              secretName: teleport-gcp-credentials
          - configMap:
              name: RELEASE-NAME
            name: config
          - name: data
            persistentVolumeClaim:
              claimName: RELEASE-NAME
should set imagePullPolicy when set in values:
  1: |
    apiVersion: apps/v1
    kind: Deployment
    metadata:
      labels:
        app: RELEASE-NAME
      name: RELEASE-NAME
      namespace: NAMESPACE
    spec:
      replicas: 1
      selector:
        matchLabels:
          app: RELEASE-NAME
      template:
        metadata:
          annotations:
            checksum/config: f6f8d1a836e3278a991ee83834eb1a318e9def808a2f9e8a39930be8be7a5bf3
          labels:
            app: RELEASE-NAME
        spec:
          containers:
          - args:
            - --diag-addr=0.0.0.0:3000
            image: quay.io/gravitational/teleport:10.0.0-dev
            imagePullPolicy: Always
            livenessProbe:
              failureThreshold: 6
              httpGet:
                path: /healthz
                port: diag
              initialDelaySeconds: 5
              periodSeconds: 5
            name: teleport
            ports:
            - containerPort: 3000
              name: diag
              protocol: TCP
            readinessProbe:
              failureThreshold: 12
              httpGet:
                path: /readyz
                port: diag
              initialDelaySeconds: 5
              periodSeconds: 5
            volumeMounts:
            - mountPath: /etc/teleport
              name: config
              readOnly: true
            - mountPath: /var/lib/teleport
              name: data
          serviceAccountName: RELEASE-NAME
          volumes:
          - name: gcp-credentials
            secret:
              secretName: teleport-gcp-credentials
          - configMap:
              name: RELEASE-NAME
            name: config
          - name: data
            persistentVolumeClaim:
              claimName: RELEASE-NAME
should set postStart command if set in values:
  1: |
    apiVersion: apps/v1
    kind: Deployment
    metadata:
      labels:
        app: RELEASE-NAME
      name: RELEASE-NAME
      namespace: NAMESPACE
    spec:
      replicas: 1
      selector:
        matchLabels:
          app: RELEASE-NAME
      template:
        metadata:
          annotations:
            checksum/config: f6f8d1a836e3278a991ee83834eb1a318e9def808a2f9e8a39930be8be7a5bf3
          labels:
            app: RELEASE-NAME
        spec:
          containers:
          - args:
            - --diag-addr=0.0.0.0:3000
            image: quay.io/gravitational/teleport:10.0.0-dev
            imagePullPolicy: IfNotPresent
            lifecycle:
              postStart:
                exec:
                  command:
                  - /bin/echo
                  - test
            livenessProbe:
              failureThreshold: 6
              httpGet:
                path: /healthz
                port: diag
              initialDelaySeconds: 5
              periodSeconds: 5
            name: teleport
            ports:
            - containerPort: 3000
              name: diag
              protocol: TCP
            readinessProbe:
              failureThreshold: 12
              httpGet:
                path: /readyz
                port: diag
              initialDelaySeconds: 5
              periodSeconds: 5
            volumeMounts:
            - mountPath: /etc/teleport
              name: config
              readOnly: true
            - mountPath: /var/lib/teleport
              name: data
          serviceAccountName: RELEASE-NAME
          volumes:
          - name: gcp-credentials
            secret:
              secretName: teleport-gcp-credentials
          - configMap:
              name: RELEASE-NAME
            name: config
          - name: data
            persistentVolumeClaim:
              claimName: RELEASE-NAME
should set priorityClassName when set in values:
  1: |
    apiVersion: apps/v1
    kind: Deployment
    metadata:
      labels:
        app: RELEASE-NAME
      name: RELEASE-NAME
      namespace: NAMESPACE
    spec:
      replicas: 1
      selector:
        matchLabels:
          app: RELEASE-NAME
      template:
        metadata:
          annotations:
            checksum/config: e1303697b1ade99433ca962dd8630edd834818315950cf3b09c2626307d64199
          labels:
            app: RELEASE-NAME
        spec:
          containers:
          - args:
            - --diag-addr=0.0.0.0:3000
            image: quay.io/gravitational/teleport:10.0.0-dev
            imagePullPolicy: IfNotPresent
            livenessProbe:
              failureThreshold: 6
              httpGet:
                path: /healthz
                port: diag
              initialDelaySeconds: 5
              periodSeconds: 5
            name: teleport
            ports:
            - containerPort: 3000
              name: diag
              protocol: TCP
            readinessProbe:
              failureThreshold: 12
              httpGet:
                path: /readyz
                port: diag
              initialDelaySeconds: 5
              periodSeconds: 5
            volumeMounts:
            - mountPath: /etc/teleport
              name: config
              readOnly: true
            - mountPath: /var/lib/teleport
              name: data
          priorityClassName: system-cluster-critical
          serviceAccountName: RELEASE-NAME
          volumes:
          - name: gcp-credentials
            secret:
              secretName: teleport-gcp-credentials
          - configMap:
              name: RELEASE-NAME
            name: config
          - name: data
            persistentVolumeClaim:
              claimName: RELEASE-NAME
should set required affinity when highAvailability.requireAntiAffinity is set:
  1: |
    apiVersion: apps/v1
    kind: Deployment
    metadata:
      labels:
        app: RELEASE-NAME
      name: RELEASE-NAME
      namespace: NAMESPACE
    spec:
      replicas: 3
      selector:
        matchLabels:
          app: RELEASE-NAME
      template:
        metadata:
          annotations:
            checksum/config: a343fd32f34fdaed8bfd5a7a4122fda84073d66acc94c0c11c4768d3742c8c62
          labels:
            app: RELEASE-NAME
        spec:
          affinity:
            podAntiAffinity:
              requiredDuringSchedulingIgnoredDuringExecution:
              - labelSelector:
                  matchExpressions:
                  - key: app
                    operator: In
                    values:
                    - RELEASE-NAME
                topologyKey: kubernetes.io/hostname
          containers:
          - args:
            - --diag-addr=0.0.0.0:3000
            image: quay.io/gravitational/teleport:10.0.0-dev
            imagePullPolicy: IfNotPresent
            livenessProbe:
              failureThreshold: 6
              httpGet:
                path: /healthz
                port: diag
              initialDelaySeconds: 5
              periodSeconds: 5
            name: teleport
            ports:
            - containerPort: 3000
              name: diag
              protocol: TCP
            readinessProbe:
              failureThreshold: 12
              httpGet:
                path: /readyz
                port: diag
              initialDelaySeconds: 5
              periodSeconds: 5
            volumeMounts:
            - mountPath: /etc/teleport
              name: config
              readOnly: true
            - mountPath: /var/lib/teleport
              name: data
          serviceAccountName: RELEASE-NAME
          volumes:
          - name: gcp-credentials
            secret:
              secretName: teleport-gcp-credentials
          - configMap:
              name: RELEASE-NAME
            name: config
          - emptyDir: {}
            name: data
should set resources when set in values:
  1: |
    apiVersion: apps/v1
    kind: Deployment
    metadata:
      labels:
        app: RELEASE-NAME
      name: RELEASE-NAME
      namespace: NAMESPACE
    spec:
      replicas: 1
      selector:
        matchLabels:
          app: RELEASE-NAME
      template:
        metadata:
          annotations:
            checksum/config: e1303697b1ade99433ca962dd8630edd834818315950cf3b09c2626307d64199
          labels:
            app: RELEASE-NAME
        spec:
          containers:
          - args:
            - --diag-addr=0.0.0.0:3000
            image: quay.io/gravitational/teleport:10.0.0-dev
            imagePullPolicy: IfNotPresent
            livenessProbe:
              failureThreshold: 6
              httpGet:
                path: /healthz
                port: diag
              initialDelaySeconds: 5
              periodSeconds: 5
            name: teleport
            ports:
            - containerPort: 3000
              name: diag
              protocol: TCP
            readinessProbe:
              failureThreshold: 12
              httpGet:
                path: /readyz
                port: diag
              initialDelaySeconds: 5
              periodSeconds: 5
            resources:
              limits:
                cpu: 2
                memory: 4Gi
              requests:
                cpu: 1
                memory: 2Gi
            volumeMounts:
            - mountPath: /etc/teleport
              name: config
              readOnly: true
            - mountPath: /var/lib/teleport
              name: data
          serviceAccountName: RELEASE-NAME
          volumes:
          - name: gcp-credentials
            secret:
              secretName: teleport-gcp-credentials
          - configMap:
              name: RELEASE-NAME
            name: config
          - name: data
            persistentVolumeClaim:
              claimName: RELEASE-NAME
should set tolerations when set in values:
  1: |
    apiVersion: apps/v1
    kind: Deployment
    metadata:
      labels:
        app: RELEASE-NAME
      name: RELEASE-NAME
      namespace: NAMESPACE
    spec:
      replicas: 3
      selector:
        matchLabels:
          app: RELEASE-NAME
      template:
        metadata:
          annotations:
            checksum/config: bd059342d65e3825963254fe56b4288b3fb4e2566c3c1cecef7689317cdfe299
          labels:
            app: RELEASE-NAME
        spec:
          affinity:
            podAntiAffinity:
              preferredDuringSchedulingIgnoredDuringExecution:
              - podAffinityTerm:
                  labelSelector:
                    matchExpressions:
                    - key: app
                      operator: In
                      values:
                      - RELEASE-NAME
                  topologyKey: kubernetes.io/hostname
                weight: 50
          containers:
          - args:
            - --diag-addr=0.0.0.0:3000
            image: quay.io/gravitational/teleport:10.0.0-dev
            imagePullPolicy: IfNotPresent
            livenessProbe:
              failureThreshold: 6
              httpGet:
                path: /healthz
                port: diag
              initialDelaySeconds: 5
              periodSeconds: 5
            name: teleport
            ports:
            - containerPort: 3000
              name: diag
              protocol: TCP
            readinessProbe:
              failureThreshold: 12
              httpGet:
                path: /readyz
                port: diag
              initialDelaySeconds: 5
              periodSeconds: 5
            volumeMounts:
            - mountPath: /etc/teleport
              name: config
              readOnly: true
            - mountPath: /var/lib/teleport
              name: data
          serviceAccountName: RELEASE-NAME
          tolerations:
          - effect: NoExecute
            key: dedicated
            operator: Equal
            value: teleport
          - effect: NoSchedule
            key: dedicated
            operator: Equal
            value: teleport
          volumes:
          - name: gcp-credentials
            secret:
              secretName: teleport-gcp-credentials
          - configMap:
              name: RELEASE-NAME
            name: config
          - emptyDir: {}
            name: data
